// Jest Snapshot v1, https://goo.gl/fbAQLP

exports[`GlobalHeader component Global header component should render correclty 1`] = `
<styled.div>
  <styled.img
    src="search-icon.svg"
  />
  <styled.input
    onKeyPress={[Function]}
    placeholder="Search Guardian Online..."
    type="text"
  />
  <styled.div>
    <ul>
      <styled.div>
        <li
          key="1"
        >
          <FontAwesomeIcon
            border={false}
            className=""
            fixedWidth={false}
            flip={null}
            icon="envelope-open-text"
            inverse={false}
            listItem={false}
            mask={null}
            onClick={[Function]}
            pull={null}
            pulse={false}
            rotation={null}
            size={null}
            spin={false}
            swapOpacity={false}
            symbol={false}
            title=""
            transform={null}
          />
        </li>
      </styled.div>
      <styled.div>
        <li
          key="2"
        >
          <FontAwesomeIcon
            border={false}
            className=""
            fixedWidth={false}
            flip={null}
            icon="calendar-alt"
            inverse={false}
            listItem={false}
            mask={null}
            onClick={[Function]}
            pull={null}
            pulse={false}
            rotation={null}
            size={null}
            spin={false}
            swapOpacity={false}
            symbol={false}
            title=""
            transform={null}
          />
        </li>
      </styled.div>
      <styled.div>
        <li
          key="3"
        >
          <FontAwesomeIcon
            border={false}
            className=""
            fixedWidth={false}
            flip={null}
            icon="chart-line"
            inverse={false}
            listItem={false}
            mask={null}
            onClick={[Function]}
            pull={null}
            pulse={false}
            rotation={null}
            size={null}
            spin={false}
            swapOpacity={false}
            symbol={false}
            title=""
            transform={null}
          />
        </li>
      </styled.div>
      <styled.div>
        <li
          key="4"
        >
          <FontAwesomeIcon
            border={false}
            className=""
            fixedWidth={false}
            flip={null}
            icon="th"
            inverse={false}
            listItem={false}
            mask={null}
            onClick={[Function]}
            pull={null}
            pulse={false}
            rotation={null}
            size={null}
            spin={false}
            swapOpacity={false}
            symbol={false}
            title=""
            transform={null}
          />
        </li>
      </styled.div>
    </ul>
  </styled.div>
</styled.div>
`;
