// Jest Snapshot v1, https://goo.gl/fbAQLP

exports[`SidebarItem Component SidebarItem Component should render correctly 1`] = `
<Fragment>
  <li>
    <div
      className="sidebar__item"
      style={
        Object {
          "paddingLeft": 0,
        }
      }
    >
      <Link
        to="/"
      >
        <span>
          home
        </span>
      </Link>
      <div
        className="sidebar__expand-btn"
        onClick={[Function]}
      >
        <FontAwesomeIcon
          border={false}
          className=""
          fixedWidth={false}
          flip={null}
          icon={
            Object {
              "icon": Array [
                320,
                512,
                Array [],
                "f107",
                "M143 352.3L7 216.3c-9.4-9.4-9.4-24.6 0-33.9l22.6-22.6c9.4-9.4 24.6-9.4 33.9 0l96.4 96.4 96.4-96.4c9.4-9.4 24.6-9.4 33.9 0l22.6 22.6c9.4 9.4 9.4 24.6 0 33.9l-136 136c-9.2 9.4-24.4 9.4-33.8 0z",
              ],
              "iconName": "angle-down",
              "prefix": "fas",
            }
          }
          inverse={false}
          listItem={false}
          mask={null}
          pull={null}
          pulse={false}
          rotation={null}
          size={null}
          spin={false}
          swapOpacity={false}
          symbol={false}
          title=""
          transform={null}
        />
      </div>
    </div>
  </li>
</Fragment>
`;
